[dvdrod.com/index.html]
[backblue.gif]
[fade.gif]
[index.html]
[dvdrod.com/favicon.ico]
[dvdrod.com/favicon.svg]
[dvdrod.com/apple-touch-icon.png]
[dvdrod.com/caixabank]
[dvdrod.com/gymondo-premium]
[dvdrod.com/gymondo-challenges]
[dvdrod.com/zattoo]
[dvdrod.com/neotaste-onboarding]
[dvdrod.com/neotaste-quests]
[dvdrod.com/images/quest-case.webp]
[dvdrod.com/images/referral-case.webp]
[dvdrod.com/David Rodriguez - Portfolio.pdf]
[dvdrod.com/CV_David_Rodriguez.pdf]
[cdnjs.cloudflare.com/ajax/libs/gsap/3.12.5/gsap.min.js]
[dvdrod.com/index.html]
[dvdrod.com/favicon.svg]
[cdnjs.cloudflare.com/ajax/libs/gsap/3.12.5/ScrollTrigger.min.js]
[dvdrod.com/caixabank]
[dvdrod.com/images/gp-benchmark.jpg]
[dvdrod.com/images/gp-userflow.jpg]
[dvdrod.com/images/gp-abtest.jpg]
[dvdrod.com/gymondo-premium]
[dvdrod.com/images/gc-survey.jpg]
[dvdrod.com/images/gc-finaldesign.jpg]
[dvdrod.com/gymondo-challenges]
[dvdrod.com/zattoo]
[dvdrod.com/images/neotaste-onboarding/old onboarding.png]
[dvdrod.com/images/neotaste-onboarding/New Onboarding.png]
[dvdrod.com/images/neotaste-onboarding/old static splash.png]
[dvdrod.com/images/neotaste-onboarding/new-splash.mp4]
[dvdrod.com/images/neotaste-onboarding/poster-splash.jpg]
[dvdrod.com/images/neotaste-onboarding/new-onboarding.mp4]
[dvdrod.com/images/neotaste-onboarding/poster-onboarding.jpg]
[dvdrod.com/images/neotaste-onboarding/paywall_old.png]
[dvdrod.com/images/neotaste-onboarding/paywall_new.png]
[dvdrod.com/images/neotaste-onboarding/pricing_old.png]
[dvdrod.com/images/neotaste-onboarding/pricing_new.png]
[dvdrod.com/images/neotaste-onboarding/payment_old.png]
[dvdrod.com/images/neotaste-onboarding/payment_new.png]
[dvdrod.com/neotaste-onboarding]
[dvdrod.com/images/quest-case.jpg]
[dvdrod.com/images/neotaste-quest/research-competitor-onboarding.webp]
[dvdrod.com/images/neotaste-quest/visual-exploration/Screenshot 2026-03-31 at 13.32.58.webp]
[dvdrod.com/images/neotaste-quest/visual-exploration/Screenshot 2026-03-31 at 13.33.06.webp]
[dvdrod.com/images/neotaste-quest/visual-exploration/Screenshot 2026-03-31 at 13.33.19.webp]
[dvdrod.com/images/neotaste-quest/visual-exploration/Screenshot 2026-03-31 at 13.33.58.webp]
[dvdrod.com/images/neotaste-quest/visual-exploration/Screenshot 2026-03-31 at 13.34.04.webp]
[dvdrod.com/images/neotaste-quest/visual-exploration/Screenshot 2026-03-31 at 13.34.15.webp]
[dvdrod.com/images/neotaste-quest/screen-entry-point.webp]
[dvdrod.com/images/neotaste-quest/screen-quest-new.webp]
[dvdrod.com/images/neotaste-quest/screen-quest-notnew.webp]
[dvdrod.com/images/neotaste-quest/screen-quest-completed.webp]
[dvdrod.com/images/neotaste-quest/screen-celebration.webp]
[dvdrod.com/images/neotaste-quest/figma-file-view.webp]
[dvdrod.com/images/neotaste-quest/screen-preferences01.webp]
[dvdrod.com/images/neotaste-quest/screen-preferences02.webp]
[dvdrod.com/images/neotaste-quest/screen-preferences03.webp]
[dvdrod.com/images/neotaste-quest/screen-preferences04.webp]
[dvdrod.com/images/neotaste-quest/screen-preferences05.webp]
[dvdrod.com/images/neotaste-quest/screen-old-levels.webp]
[dvdrod.com/images/neotaste-quest/screen-levels-empty-state.webp]
[dvdrod.com/images/neotaste-quest/screen-levels-foodlegend.webp]
[dvdrod.com/images/neotaste-quest/screen-levels-profilewith.webp]
[dvdrod.com/images/neotaste-quest/design-system-updates.webp]
[dvdrod.com/images/neotaste-quest/food-preferences.mp4]
[dvdrod.com/images/neotaste-quest/food-preferences-progress-bar.mp4]
[dvdrod.com/images/neotaste-quest/badge-animation.mp4]
[dvdrod.com/neotaste-quests]
